BEGIN TABLE
<row>
	<hashPrefix>00</hashPrefix>
	<bucket>
		<hashLength>2</hashLength>
		<coin>
			<hash>000</hash>
			<value>0|Populous|503|₺</value>
		</coin>
		<coin>
			<hash>001</hash>
			<value>1|Ethereum|445|€</value>
		</coin>
	</bucket>
</row>
<row>
	<hashPrefix>01</hashPrefix>
	<bucket>
		<hashLength>2</hashLength>
		<coin>
			<hash>010</hash>
			<value>2|VeChain|194|$</value>
		</coin>
	</bucket>
</row>
<row>
	<hashPrefix>10</hashPrefix>
	<bucket>
		<hashLength>1</hashLength>
	</bucket>
</row>
<row>
	<hashPrefix>11</hashPrefix>
	<bucket>
		<hashLength>1</hashLength>
	</bucket>
</row>
END TABLE
BEGIN TABLE
<row>
	<hashPrefix>00</hashPrefix>
	<bucket>
		<hashLength>2</hashLength>
		<coin>
			<hash>000</hash>
			<value>0|Populous|503|₺</value>
		</coin>
		<coin>
			<hash>001</hash>
			<value>1|Ethereum|445|€</value>
		</coin>
	</bucket>
</row>
<row>
	<hashPrefix>01</hashPrefix>
	<bucket>
		<hashLength>2</hashLength>
		<coin>
			<hash>010</hash>
			<value>2|VeChain|194|$</value>
		</coin>
		<coin>
			<hash>011</hash>
			<value>3|Binance Coin|722|₺</value>
		</coin>
	</bucket>
</row>
<row>
	<hashPrefix>10</hashPrefix>
	<bucket>
		<hashLength>2</hashLength>
		<coin>
			<hash>100</hash>
			<value>4|VeChain|822|€</value>
		</coin>
		<coin>
			<hash>101</hash>
			<value>5|Substratum|449|$</value>
		</coin>
	</bucket>
</row>
<row>
	<hashPrefix>11</hashPrefix>
	<bucket>
		<hashLength>2</hashLength>
		<coin>
			<hash>110</hash>
			<value>6|Cardano|918|₺</value>
		</coin>
	</bucket>
</row>
END TABLE
BEGIN TABLE
<row>
	<hashPrefix>00</hashPrefix>
	<bucket>
		<hashLength>2</hashLength>
		<coin>
			<hash>000</hash>
			<value>0|Populous|503|₺</value>
		</coin>
		<coin>
			<hash>001</hash>
			<value>1|Ethereum|445|€</value>
		</coin>
	</bucket>
</row>
<row>
	<hashPrefix>01</hashPrefix>
	<bucket>
		<hashLength>2</hashLength>
		<coin>
			<hash>010</hash>
			<value>2|VeChain|194|$</value>
		</coin>
		<coin>
			<hash>011</hash>
			<value>3|Binance Coin|722|₺</value>
		</coin>
	</bucket>
</row>
<row>
	<hashPrefix>10</hashPrefix>
	<bucket>
		<hashLength>2</hashLength>
		<coin>
			<hash>100</hash>
			<value>4|VeChain|822|€</value>
		</coin>
		<coin>
			<hash>101</hash>
			<value>5|Substratum|449|$</value>
		</coin>
	</bucket>
</row>
<row>
	<hashPrefix>11</hashPrefix>
	<bucket>
		<hashLength>2</hashLength>
		<coin>
			<hash>110</hash>
			<value>6|Cardano|918|₺</value>
		</coin>
		<coin>
			<hash>111</hash>
			<value>7|Monaco|966|$</value>
		</coin>
	</bucket>
</row>
END TABLE
BEGIN TABLE
<row>
	<hashPrefix>000</hashPrefix>
	<bucket>
		<hashLength>3</hashLength>
		<coin>
			<hash>000</hash>
			<value>0|Populous|503|₺</value>
		</coin>
		<coin>
			<hash>000</hash>
			<value>8|Nexus|110|₺</value>
		</coin>
	</bucket>
</row>
<row>
	<hashPrefix>001</hashPrefix>
	<bucket>
		<hashLength>3</hashLength>
		<coin>
			<hash>001</hash>
			<value>1|Ethereum|445|€</value>
		</coin>
		<coin>
			<hash>001</hash>
			<value>9|Populous|276|₺</value>
		</coin>
	</bucket>
</row>
<row>
	<hashPrefix>010</hashPrefix>
	<bucket>
		<hashLength>2</hashLength>
		<coin>
			<hash>010</hash>
			<value>2|VeChain|194|$</value>
		</coin>
		<coin>
			<hash>011</hash>
			<value>3|Binance Coin|722|₺</value>
		</coin>
	</bucket>
</row>
<row>
	<hashPrefix>011</hashPrefix>
	<bucket>
		<hashLength>2</hashLength>
		<coin>
			<hash>010</hash>
			<value>2|VeChain|194|$</value>
		</coin>
		<coin>
			<hash>011</hash>
			<value>3|Binance Coin|722|₺</value>
		</coin>
	</bucket>
</row>
<row>
	<hashPrefix>100</hashPrefix>
	<bucket>
		<hashLength>2</hashLength>
		<coin>
			<hash>100</hash>
			<value>4|VeChain|822|€</value>
		</coin>
		<coin>
			<hash>101</hash>
			<value>5|Substratum|449|$</value>
		</coin>
	</bucket>
</row>
<row>
	<hashPrefix>101</hashPrefix>
	<bucket>
		<hashLength>2</hashLength>
		<coin>
			<hash>100</hash>
			<value>4|VeChain|822|€</value>
		</coin>
		<coin>
			<hash>101</hash>
			<value>5|Substratum|449|$</value>
		</coin>
	</bucket>
</row>
<row>
	<hashPrefix>110</hashPrefix>
	<bucket>
		<hashLength>2</hashLength>
		<coin>
			<hash>110</hash>
			<value>6|Cardano|918|₺</value>
		</coin>
		<coin>
			<hash>111</hash>
			<value>7|Monaco|966|$</value>
		</coin>
	</bucket>
</row>
<row>
	<hashPrefix>111</hashPrefix>
	<bucket>
		<hashLength>2</hashLength>
		<coin>
			<hash>110</hash>
			<value>6|Cardano|918|₺</value>
		</coin>
		<coin>
			<hash>111</hash>
			<value>7|Monaco|966|$</value>
		</coin>
	</bucket>
</row>
END TABLE
BEGIN SEARCH
<row>
	<hashPrefix>001</hashPrefix>
	<bucket>
		<hashLength>3</hashLength>
		<coin>
			<hash>001</hash>
			<value>1|Ethereum|445|€</value>
		</coin>
		<coin>
			<hash>001</hash>
			<value>9|Populous|276|₺</value>
		</coin>
	</bucket>
</row>
END SEARCH
BEGIN SEARCH
None
END SEARCH
