BEGIN TABLE
<row>
	<hashPrefix>000</hashPrefix>
	<bucket>
		<hashLength>3</hashLength>
		<coin>
			<hash>000</hash>
			<value>8|Veritaserum|114|$</value>
		</coin>
		<coin>
			<hash>000</hash>
			<value>0|Augur|143|€</value>
		</coin>
	</bucket>
</row>
<row>
	<hashPrefix>001</hashPrefix>
	<bucket>
		<hashLength>3</hashLength>
		<coin>
			<hash>001</hash>
			<value>1|FunFair|610|€</value>
		</coin>
	</bucket>
</row>
<row>
	<hashPrefix>010</hashPrefix>
	<bucket>
		<hashLength>2</hashLength>
		<coin>
			<hash>011</hash>
			<value>3|Aeternity|313|$</value>
		</coin>
	</bucket>
</row>
<row>
	<hashPrefix>011</hashPrefix>
	<bucket>
		<hashLength>2</hashLength>
		<coin>
			<hash>011</hash>
			<value>3|Aeternity|313|$</value>
		</coin>
	</bucket>
</row>
<row>
	<hashPrefix>100</hashPrefix>
	<bucket>
		<hashLength>1</hashLength>
		<coin>
			<hash>101</hash>
			<value>5|Vertcoin|562|€</value>
		</coin>
		<coin>
			<hash>110</hash>
			<value>6|Aeternity|793|€</value>
		</coin>
	</bucket>
</row>
<row>
	<hashPrefix>101</hashPrefix>
	<bucket>
		<hashLength>1</hashLength>
		<coin>
			<hash>101</hash>
			<value>5|Vertcoin|562|€</value>
		</coin>
		<coin>
			<hash>110</hash>
			<value>6|Aeternity|793|€</value>
		</coin>
	</bucket>
</row>
<row>
	<hashPrefix>110</hashPrefix>
	<bucket>
		<hashLength>1</hashLength>
		<coin>
			<hash>101</hash>
			<value>5|Vertcoin|562|€</value>
		</coin>
		<coin>
			<hash>110</hash>
			<value>6|Aeternity|793|€</value>
		</coin>
	</bucket>
</row>
<row>
	<hashPrefix>111</hashPrefix>
	<bucket>
		<hashLength>1</hashLength>
		<coin>
			<hash>101</hash>
			<value>5|Vertcoin|562|€</value>
		</coin>
		<coin>
			<hash>110</hash>
			<value>6|Aeternity|793|€</value>
		</coin>
	</bucket>
</row>
END TABLE
BEGIN TABLE
<row>
	<hashPrefix>000</hashPrefix>
	<bucket>
		<hashLength>3</hashLength>
		<coin>
			<hash>000</hash>
			<value>8|Veritaserum|114|$</value>
		</coin>
		<coin>
			<hash>000</hash>
			<value>0|Augur|143|€</value>
		</coin>
	</bucket>
</row>
<row>
	<hashPrefix>001</hashPrefix>
	<bucket>
		<hashLength>3</hashLength>
		<coin>
			<hash>001</hash>
			<value>1|FunFair|610|€</value>
		</coin>
		<coin>
			<hash>001</hash>
			<value>9|Ark|34|€</value>
		</coin>
	</bucket>
</row>
<row>
	<hashPrefix>010</hashPrefix>
	<bucket>
		<hashLength>2</hashLength>
		<coin>
			<hash>011</hash>
			<value>3|Aeternity|313|$</value>
		</coin>
		<coin>
			<hash>010</hash>
			<value>2|Ethereum Classic|167|€</value>
		</coin>
	</bucket>
</row>
<row>
	<hashPrefix>011</hashPrefix>
	<bucket>
		<hashLength>2</hashLength>
		<coin>
			<hash>011</hash>
			<value>3|Aeternity|313|$</value>
		</coin>
		<coin>
			<hash>010</hash>
			<value>2|Ethereum Classic|167|€</value>
		</coin>
	</bucket>
</row>
<row>
	<hashPrefix>100</hashPrefix>
	<bucket>
		<hashLength>2</hashLength>
		<coin>
			<hash>101</hash>
			<value>5|Vertcoin|562|€</value>
		</coin>
		<coin>
			<hash>100</hash>
			<value>4|Ark|5|$</value>
		</coin>
	</bucket>
</row>
<row>
	<hashPrefix>101</hashPrefix>
	<bucket>
		<hashLength>2</hashLength>
		<coin>
			<hash>101</hash>
			<value>5|Vertcoin|562|€</value>
		</coin>
		<coin>
			<hash>100</hash>
			<value>4|Ark|5|$</value>
		</coin>
	</bucket>
</row>
<row>
	<hashPrefix>110</hashPrefix>
	<bucket>
		<hashLength>2</hashLength>
		<coin>
			<hash>110</hash>
			<value>6|Aeternity|793|€</value>
		</coin>
		<coin>
			<hash>111</hash>
			<value>7|Iconomi|542|₺</value>
		</coin>
	</bucket>
</row>
<row>
	<hashPrefix>111</hashPrefix>
	<bucket>
		<hashLength>2</hashLength>
		<coin>
			<hash>110</hash>
			<value>6|Aeternity|793|€</value>
		</coin>
		<coin>
			<hash>111</hash>
			<value>7|Iconomi|542|₺</value>
		</coin>
	</bucket>
</row>
END TABLE
BEGIN SEARCH
<row>
	<hashPrefix>000</hashPrefix>
	<bucket>
		<hashLength>3</hashLength>
		<coin>
			<hash>000</hash>
			<value>8|Veritaserum|114|$</value>
		</coin>
		<coin>
			<hash>000</hash>
			<value>0|Augur|143|€</value>
		</coin>
	</bucket>
</row>
END SEARCH
BEGIN SEARCH
None
END SEARCH
